// Jest Snapshot v1, https://goo.gl/fbAQLP

exports[`<GeolocationPage  /> should match snapshot 1`] = `<div />`;
