// Jest Snapshot v1, https://goo.gl/fbAQLP

exports[`<Footer  /> should match snapshot 1`] = `
.c0 {
  text-align: right;
  padding: 10px;
  color: grey;
  font-size: 13px;
}

.c0 a {
  -webkit-text-decoration: none;
  text-decoration: none;
  color: grey;
  font-weight: bold;
}

<footer
  class="c0"
>
  Copyright Â© 
  2022
   
  <a
    href="https://pietrzakadrian.com"
    rel="noopener noreferrer"
    target="_blank"
  >
    Adrian Pietrzak
  </a>
</footer>
`;
