// Jest Snapshot v1, https://goo.gl/fbAQLP

exports[`<Header  /> should match snapshot 1`] = `
.c0 {
  width: 100%;
  z-index: 2;
  background-color: #fff;
  display: -webkit-box;
  display: -webkit-flex;
  display: -ms-flexbox;
  display: flex;
  -webkit-align-items: center;
  -webkit-box-align: center;
  -ms-flex-align: center;
  align-items: center;
  -webkit-box-pack: justify;
  -webkit-justify-content: space-between;
  -ms-flex-pack: justify;
  justify-content: space-between;
  height: 80px;
  padding: 0 20px;
  position: -webkit-sticky;
  position: sticky;
  top: 0;
  box-shadow: rgb(0 0 0 / 20%) 0em 0.0625em 0.1875em 0em, rgb(0 0 0 / 14%) 0em 0.0625em 0.0625em 0em, rgb(0 0 0 / 12%) 0em 0.125em 0.0625em -0.0625em;
}

.c1 {
  width: 130px;
  height: auto;
}

<header
  class="c0"
>
  <img
    alt="ipstack"
    class="c1"
    src="logo.png"
  />
</header>
`;
