// Jest Snapshot v1, https://goo.gl/fbAQLP

exports[`<GeolocationForm  /> should match snapshot 1`] = `
<div
  class="GeolocationForm__Div-sc-1l2lwgh-0"
/>
`;
