// Jest Snapshot v1, https://goo.gl/fbAQLP

exports[`<LoginPage  /> should match snapshot 1`] = `
<div
  class="LoginPage__Div-sc-1e79b-0"
/>
`;
