// Jest Snapshot v1, https://goo.gl/fbAQLP

exports[`<RegistrationPage  /> should match snapshot 1`] = `
<div
  class="RegistrationPage__Div-sc-1dggpmi-0"
/>
`;
